Component: ARM Compiler 5.06 update 4 (build 422) Tool: armlink [4d35d2]

==============================================================================

Section Cross References

    system_stm32f10x.o(i.SetSysClock) refers to system_stm32f10x.o(i.SetSysClockTo72) for SetSysClockTo72
    system_stm32f10x.o(i.SystemInit) refers to system_stm32f10x.o(i.SetSysClock) for SetSysClock
    startup_stm32f10x_cl.o(RESET) refers to startup_stm32f10x_cl.o(STACK) for __initial_sp
    startup_stm32f10x_cl.o(RESET) refers to startup_stm32f10x_cl.o(.text) for Reset_Handler
    startup_stm32f10x_cl.o(RESET) refers to stm32f10x_it.o(i.NMI_Handler) for NMI_Handler
    startup_stm32f10x_cl.o(RESET) refers to stm32f10x_it.o(i.HardFault_Handler) for HardFault_Handler
    startup_stm32f10x_cl.o(RESET) refers to stm32f10x_it.o(i.MemManage_Handler) for MemManage_Handler
    startup_stm32f10x_cl.o(RESET) refers to stm32f10x_it.o(i.BusFault_Handler) for BusFault_Handler
    startup_stm32f10x_cl.o(RESET) refers to stm32f10x_it.o(i.UsageFault_Handler) for UsageFault_Handler
    startup_stm32f10x_cl.o(RESET) refers to stm32f10x_it.o(i.SVC_Handler) for SVC_Handler
    startup_stm32f10x_cl.o(RESET) refers to stm32f10x_it.o(i.DebugMon_Handler) for DebugMon_Handler
    startup_stm32f10x_cl.o(RESET) refers to stm32f10x_it.o(i.PendSV_Handler) for PendSV_Handler
    startup_stm32f10x_cl.o(RESET) refers to stm32f10x_it.o(i.SysTick_Handler) for SysTick_Handler
    startup_stm32f10x_cl.o(.text) refers to entry.o(.ARM.Collect$$$$00000000) for __main
    main.o(i.DelayS) refers to systickdelay.o(i.delay_ms) for delay_ms
    main.o(i.GPIO_Configuration) refers to stm32f10x_gpio.o(i.GPIO_Init) for GPIO_Init
    main.o(i.GPIO_Configuration) refers to eval.o(i.STM_EVAL_LEDInit1) for STM_EVAL_LEDInit1
    main.o(i.GPIO_Configuration) refers to eval.o(i.STM_EVAL_LEDInit2) for STM_EVAL_LEDInit2
    main.o(i.Init_All_Periph) refers to main.o(i.RCC_Configuration) for RCC_Configuration
    main.o(i.Init_All_Periph) refers to main.o(i.GPIO_Configuration) for GPIO_Configuration
    main.o(i.NVIC_Configuration) refers to misc.o(i.NVIC_PriorityGroupConfig) for NVIC_PriorityGroupConfig
    main.o(i.NVIC_Configuration) refers to misc.o(i.NVIC_SetVectorTable) for NVIC_SetVectorTable
    main.o(i.RCC_Configuration) refers to system_stm32f10x.o(i.SystemInit) for SystemInit
    main.o(i.RCC_Configuration) refers to stm32f10x_rcc.o(i.RCC_APB2PeriphClockCmd) for RCC_APB2PeriphClockCmd
    main.o(i.main) refers to main.o(i.Init_All_Periph) for Init_All_Periph
    main.o(i.main) refers to systickdelay.o(i.SysTick_Initaize) for SysTick_Initaize
    main.o(i.main) refers to eval.o(i.STM_EVAL_LEDOn) for STM_EVAL_LEDOn
    main.o(i.main) refers to eval.o(i.STM_EVAL_LEDOff) for STM_EVAL_LEDOff
    main.o(i.main) refers to stm32f10x_gpio.o(i.GPIO_ReadInputDataBit) for GPIO_ReadInputDataBit
    main.o(i.main) refers to main.o(i.wait_for_calculate) for wait_for_calculate
    main.o(i.main) refers to systickdelay.o(i.delay_ms) for delay_ms
    main.o(i.main) refers to main.o(i.DelayS) for DelayS
    main.o(i.wait_for_calculate) refers to memseta.o(.text) for __aeabi_memclr4
    main.o(i.wait_for_calculate) refers to main.o(i.DelayS) for DelayS
    main.o(i.wait_for_calculate) refers to stm32f10x_gpio.o(i.GPIO_ReadInputDataBit) for GPIO_ReadInputDataBit
    main.o(i.wait_for_calculate) refers to eval.o(i.STM_EVAL_LEDOn) for STM_EVAL_LEDOn
    main.o(i.wait_for_calculate) refers to systickdelay.o(i.delay_ms) for delay_ms
    main.o(i.wait_for_calculate) refers to eval.o(i.STM_EVAL_LEDOff) for STM_EVAL_LEDOff
    eval.o(i.STM_EVAL_COMInit) refers to stm32f10x_rcc.o(i.RCC_APB2PeriphClockCmd) for RCC_APB2PeriphClockCmd
    eval.o(i.STM_EVAL_COMInit) refers to stm32f10x_rcc.o(i.RCC_APB1PeriphClockCmd) for RCC_APB1PeriphClockCmd
    eval.o(i.STM_EVAL_COMInit) refers to stm32f10x_gpio.o(i.GPIO_Init) for GPIO_Init
    eval.o(i.STM_EVAL_COMInit) refers to stm32f10x_usart.o(i.USART_Init) for USART_Init
    eval.o(i.STM_EVAL_COMInit) refers to stm32f10x_usart.o(i.USART_Cmd) for USART_Cmd
    eval.o(i.STM_EVAL_COMInit) refers to eval.o(.constdata) for COM_POR_CLK
    eval.o(i.STM_EVAL_COMInit) refers to eval.o(.data) for COM_PORT
    eval.o(i.STM_EVAL_LEDInit1) refers to stm32f10x_rcc.o(i.RCC_APB2PeriphClockCmd) for RCC_APB2PeriphClockCmd
    eval.o(i.STM_EVAL_LEDInit1) refers to stm32f10x_gpio.o(i.GPIO_Init) for GPIO_Init
    eval.o(i.STM_EVAL_LEDInit1) refers to eval.o(.constdata) for GPIO_CLK
    eval.o(i.STM_EVAL_LEDInit1) refers to eval.o(.data) for GPIO_PORT
    eval.o(i.STM_EVAL_LEDInit2) refers to stm32f10x_rcc.o(i.RCC_APB2PeriphClockCmd) for RCC_APB2PeriphClockCmd
    eval.o(i.STM_EVAL_LEDInit2) refers to stm32f10x_gpio.o(i.GPIO_Init) for GPIO_Init
    eval.o(i.STM_EVAL_LEDInit2) refers to eval.o(.constdata) for GPIO_CLK
    eval.o(i.STM_EVAL_LEDInit2) refers to eval.o(.data) for GPIO_PORT
    eval.o(i.STM_EVAL_LEDOff) refers to eval.o(.constdata) for GPIO_PIN
    eval.o(i.STM_EVAL_LEDOff) refers to eval.o(.data) for GPIO_PORT
    eval.o(i.STM_EVAL_LEDOn) refers to eval.o(.constdata) for GPIO_PIN
    eval.o(i.STM_EVAL_LEDOn) refers to eval.o(.data) for GPIO_PORT
    eval.o(i.STM_EVAL_LEDToggle) refers to eval.o(.data) for GPIO_PORT
    eval.o(i.STM_EVAL_LEDToggle) refers to eval.o(.constdata) for GPIO_PIN
    eval.o(i.STM_EVAL_PBGetState) refers to stm32f10x_gpio.o(i.GPIO_ReadInputDataBit) for GPIO_ReadInputDataBit
    eval.o(i.STM_EVAL_PBGetState) refers to eval.o(.constdata) for BUTTON_PIN
    eval.o(i.STM_EVAL_PBGetState) refers to eval.o(.data) for BUTTON_PORT
    eval.o(i.STM_EVAL_PBInit) refers to stm32f10x_rcc.o(i.RCC_APB2PeriphClockCmd) for RCC_APB2PeriphClockCmd
    eval.o(i.STM_EVAL_PBInit) refers to stm32f10x_gpio.o(i.GPIO_Init) for GPIO_Init
    eval.o(i.STM_EVAL_PBInit) refers to stm32f10x_gpio.o(i.GPIO_EXTILineConfig) for GPIO_EXTILineConfig
    eval.o(i.STM_EVAL_PBInit) refers to stm32f10x_exti.o(i.EXTI_Init) for EXTI_Init
    eval.o(i.STM_EVAL_PBInit) refers to misc.o(i.NVIC_Init) for NVIC_Init
    eval.o(i.STM_EVAL_PBInit) refers to eval.o(.constdata) for BUTTON_CLK
    eval.o(i.STM_EVAL_PBInit) refers to eval.o(.data) for BUTTON_PORT
    eval.o(i.STM_EVAL_SendChar) refers to stm32f10x_usart.o(i.USART_SendData) for USART_SendData
    eval.o(i.STM_EVAL_SendChar) refers to stm32f10x_usart.o(i.USART_GetFlagStatus) for USART_GetFlagStatus
    eval.o(i.STM_EVAL_SendChar) refers to eval.o(.data) for COM_USART
    eval.o(i.USART_RX_IntteruptEnable) refers to stm32f10x_usart.o(i.USART_ITConfig) for USART_ITConfig
    eval.o(i.USART_RX_IntteruptEnable) refers to eval.o(.data) for COM_USART
    systickdelay.o(i.SysTick_Initaize) refers to system_stm32f10x.o(.constdata) for SystemFrequency
    systickdelay.o(i.SysTick_Initaize) refers to systickdelay.o(.data) for fac_us
    systickdelay.o(i.delay_ms) refers to systickdelay.o(.data) for fac_ms
    systickdelay.o(i.delay_us) refers to systickdelay.o(.data) for fac_us
    uart_interface.o(i.USART_Configuration) refers to eval.o(i.STM_EVAL_COMInit) for STM_EVAL_COMInit
    uart_interface.o(i.fgetc) refers to stm32f10x_usart.o(i.USART_GetFlagStatus) for USART_GetFlagStatus
    uart_interface.o(i.fgetc) refers to stm32f10x_usart.o(i.USART_ReceiveData) for USART_ReceiveData
    uart_interface.o(i.fputc) refers to eval.o(i.STM_EVAL_SendChar) for STM_EVAL_SendChar
    stm32f10x_gpio.o(i.GPIO_AFIODeInit) refers to stm32f10x_rcc.o(i.RCC_APB2PeriphResetCmd) for RCC_APB2PeriphResetCmd
    stm32f10x_gpio.o(i.GPIO_DeInit) refers to stm32f10x_rcc.o(i.RCC_APB2PeriphResetCmd) for RCC_APB2PeriphResetCmd
    stm32f10x_rcc.o(i.RCC_GetClocksFreq) refers to stm32f10x_rcc.o(.data) for APBAHBPrescTable
    stm32f10x_rcc.o(i.RCC_WaitForHSEStartUp) refers to stm32f10x_rcc.o(i.RCC_GetFlagStatus) for RCC_GetFlagStatus
    stm32f10x_usart.o(i.USART_DeInit) refers to stm32f10x_rcc.o(i.RCC_APB2PeriphResetCmd) for RCC_APB2PeriphResetCmd
    stm32f10x_usart.o(i.USART_DeInit) refers to stm32f10x_rcc.o(i.RCC_APB1PeriphResetCmd) for RCC_APB1PeriphResetCmd
    stm32f10x_usart.o(i.USART_Init) refers to stm32f10x_rcc.o(i.RCC_GetClocksFreq) for RCC_GetClocksFreq
    entry.o(.ARM.Collect$$$$00000000) refers (Special) to entry10a.o(.ARM.Collect$$$$0000000D) for __rt_final_cpp
    entry.o(.ARM.Collect$$$$00000000) refers (Special) to entry11a.o(.ARM.Collect$$$$0000000F) for __rt_final_exit
    entry.o(.ARM.Collect$$$$00000000) refers (Special) to entry7b.o(.ARM.Collect$$$$00000008) for _main_clock
    entry.o(.ARM.Collect$$$$00000000) refers (Special) to entry8b.o(.ARM.Collect$$$$0000000A) for _main_cpp_init
    entry.o(.ARM.Collect$$$$00000000) refers (Special) to entry9a.o(.ARM.Collect$$$$0000000B) for _main_init
    entry.o(.ARM.Collect$$$$00000000) refers (Special) to entry5.o(.ARM.Collect$$$$00000004) for _main_scatterload
    entry.o(.ARM.Collect$$$$00000000) refers (Special) to entry2.o(.ARM.Collect$$$$00000001) for _main_stk
    entry2.o(.ARM.Collect$$$$00000001) refers to entry2.o(.ARM.Collect$$$$00002712) for __lit__00000000
    entry2.o(.ARM.Collect$$$$00002712) refers to startup_stm32f10x_cl.o(STACK) for __initial_sp
    entry2.o(__vectab_stack_and_reset_area) refers to startup_stm32f10x_cl.o(STACK) for __initial_sp
    entry2.o(__vectab_stack_and_reset_area) refers to entry.o(.ARM.Collect$$$$00000000) for __main
    entry5.o(.ARM.Collect$$$$00000004) refers to init.o(.text) for __scatterload
    entry9a.o(.ARM.Collect$$$$0000000B) refers to main.o(i.main) for main
    entry9b.o(.ARM.Collect$$$$0000000C) refers to main.o(i.main) for main
    init.o(.text) refers to entry5.o(.ARM.Collect$$$$00000004) for __main_after_scatterload


==============================================================================

Removing Unused input sections from the image.

    Removing core_cm3.o(.emb_text), (32 bytes).
    Removing startup_stm32f10x_cl.o(HEAP), (512 bytes).
    Removing main.o(i.Delay), (18 bytes).
    Removing main.o(i.NVIC_Configuration), (22 bytes).
    Removing eval.o(i.STM_EVAL_COMInit), (164 bytes).
    Removing eval.o(i.STM_EVAL_LEDToggle), (36 bytes).
    Removing eval.o(i.STM_EVAL_PBGetState), (32 bytes).
    Removing eval.o(i.STM_EVAL_PBInit), (204 bytes).
    Removing eval.o(i.STM_EVAL_SendChar), (44 bytes).
    Removing eval.o(i.USART_RX_IntteruptEnable), (28 bytes).
    Removing systickdelay.o(i.delay_us), (60 bytes).
    Removing uart_interface.o(i.USART_Configuration), (40 bytes).
    Removing uart_interface.o(i.fgetc), (26 bytes).
    Removing uart_interface.o(i.fputc), (18 bytes).
    Removing misc.o(i.NVIC_Init), (112 bytes).
    Removing misc.o(i.NVIC_PriorityGroupConfig), (20 bytes).
    Removing misc.o(i.NVIC_SetVectorTable), (20 bytes).
    Removing misc.o(i.NVIC_SystemLPConfig), (32 bytes).
    Removing misc.o(i.SysTick_CLKSourceConfig), (40 bytes).
    Removing stm32f10x_exti.o(i.EXTI_ClearFlag), (12 bytes).
    Removing stm32f10x_exti.o(i.EXTI_ClearITPendingBit), (12 bytes).
    Removing stm32f10x_exti.o(i.EXTI_DeInit), (36 bytes).
    Removing stm32f10x_exti.o(i.EXTI_GenerateSWInterrupt), (16 bytes).
    Removing stm32f10x_exti.o(i.EXTI_GetFlagStatus), (24 bytes).
    Removing stm32f10x_exti.o(i.EXTI_GetITStatus), (40 bytes).
    Removing stm32f10x_exti.o(i.EXTI_Init), (148 bytes).
    Removing stm32f10x_exti.o(i.EXTI_StructInit), (16 bytes).
    Removing stm32f10x_gpio.o(i.GPIO_AFIODeInit), (20 bytes).
    Removing stm32f10x_gpio.o(i.GPIO_DeInit), (200 bytes).
    Removing stm32f10x_gpio.o(i.GPIO_ETH_MediaInterfaceConfig), (12 bytes).
    Removing stm32f10x_gpio.o(i.GPIO_EXTILineConfig), (64 bytes).
    Removing stm32f10x_gpio.o(i.GPIO_EventOutputCmd), (12 bytes).
    Removing stm32f10x_gpio.o(i.GPIO_EventOutputConfig), (32 bytes).
    Removing stm32f10x_gpio.o(i.GPIO_PinLockConfig), (18 bytes).
    Removing stm32f10x_gpio.o(i.GPIO_PinRemapConfig), (112 bytes).
    Removing stm32f10x_gpio.o(i.GPIO_ReadInputData), (8 bytes).
    Removing stm32f10x_gpio.o(i.GPIO_ReadOutputData), (8 bytes).
    Removing stm32f10x_gpio.o(i.GPIO_ReadOutputDataBit), (18 bytes).
    Removing stm32f10x_gpio.o(i.GPIO_ResetBits), (4 bytes).
    Removing stm32f10x_gpio.o(i.GPIO_SetBits), (4 bytes).
    Removing stm32f10x_gpio.o(i.GPIO_StructInit), (16 bytes).
    Removing stm32f10x_gpio.o(i.GPIO_Write), (4 bytes).
    Removing stm32f10x_gpio.o(i.GPIO_WriteBit), (10 bytes).
    Removing stm32f10x_rcc.o(i.RCC_ADCCLKConfig), (24 bytes).
    Removing stm32f10x_rcc.o(i.RCC_AHBPeriphClockCmd), (32 bytes).
    Removing stm32f10x_rcc.o(i.RCC_APB1PeriphClockCmd), (32 bytes).
    Removing stm32f10x_rcc.o(i.RCC_APB1PeriphResetCmd), (32 bytes).
    Removing stm32f10x_rcc.o(i.RCC_APB2PeriphResetCmd), (32 bytes).
    Removing stm32f10x_rcc.o(i.RCC_AdjustHSICalibrationValue), (24 bytes).
    Removing stm32f10x_rcc.o(i.RCC_BackupResetCmd), (12 bytes).
    Removing stm32f10x_rcc.o(i.RCC_ClearFlag), (20 bytes).
    Removing stm32f10x_rcc.o(i.RCC_ClearITPendingBit), (12 bytes).
    Removing stm32f10x_rcc.o(i.RCC_ClockSecuritySystemCmd), (12 bytes).
    Removing stm32f10x_rcc.o(i.RCC_DeInit), (76 bytes).
    Removing stm32f10x_rcc.o(i.RCC_GetClocksFreq), (212 bytes).
    Removing stm32f10x_rcc.o(i.RCC_GetFlagStatus), (60 bytes).
    Removing stm32f10x_rcc.o(i.RCC_GetITStatus), (24 bytes).
    Removing stm32f10x_rcc.o(i.RCC_GetSYSCLKSource), (16 bytes).
    Removing stm32f10x_rcc.o(i.RCC_HCLKConfig), (24 bytes).
    Removing stm32f10x_rcc.o(i.RCC_HSEConfig), (76 bytes).
    Removing stm32f10x_rcc.o(i.RCC_HSICmd), (12 bytes).
    Removing stm32f10x_rcc.o(i.RCC_ITConfig), (32 bytes).
    Removing stm32f10x_rcc.o(i.RCC_LSEConfig), (52 bytes).
    Removing stm32f10x_rcc.o(i.RCC_LSICmd), (12 bytes).
    Removing stm32f10x_rcc.o(i.RCC_MCOConfig), (12 bytes).
    Removing stm32f10x_rcc.o(i.RCC_PCLK1Config), (24 bytes).
    Removing stm32f10x_rcc.o(i.RCC_PCLK2Config), (24 bytes).
    Removing stm32f10x_rcc.o(i.RCC_PLLCmd), (12 bytes).
    Removing stm32f10x_rcc.o(i.RCC_PLLConfig), (28 bytes).
    Removing stm32f10x_rcc.o(i.RCC_RTCCLKCmd), (12 bytes).
    Removing stm32f10x_rcc.o(i.RCC_RTCCLKConfig), (16 bytes).
    Removing stm32f10x_rcc.o(i.RCC_SYSCLKConfig), (24 bytes).
    Removing stm32f10x_rcc.o(i.RCC_USBCLKConfig), (12 bytes).
    Removing stm32f10x_rcc.o(i.RCC_WaitForHSEStartUp), (56 bytes).
    Removing stm32f10x_rcc.o(.data), (20 bytes).
    Removing stm32f10x_usart.o(i.USART_ClearFlag), (18 bytes).
    Removing stm32f10x_usart.o(i.USART_ClearITPendingBit), (30 bytes).
    Removing stm32f10x_usart.o(i.USART_ClockInit), (34 bytes).
    Removing stm32f10x_usart.o(i.USART_ClockStructInit), (12 bytes).
    Removing stm32f10x_usart.o(i.USART_Cmd), (24 bytes).
    Removing stm32f10x_usart.o(i.USART_DMACmd), (18 bytes).
    Removing stm32f10x_usart.o(i.USART_DeInit), (156 bytes).
    Removing stm32f10x_usart.o(i.USART_GetFlagStatus), (26 bytes).
    Removing stm32f10x_usart.o(i.USART_GetITStatus), (84 bytes).
    Removing stm32f10x_usart.o(i.USART_HalfDuplexCmd), (24 bytes).
    Removing stm32f10x_usart.o(i.USART_ITConfig), (74 bytes).
    Removing stm32f10x_usart.o(i.USART_Init), (160 bytes).
    Removing stm32f10x_usart.o(i.USART_IrDACmd), (24 bytes).
    Removing stm32f10x_usart.o(i.USART_IrDAConfig), (18 bytes).
    Removing stm32f10x_usart.o(i.USART_LINBreakDetectLengthConfig), (18 bytes).
    Removing stm32f10x_usart.o(i.USART_LINCmd), (24 bytes).
    Removing stm32f10x_usart.o(i.USART_ReceiveData), (10 bytes).
    Removing stm32f10x_usart.o(i.USART_ReceiverWakeUpCmd), (24 bytes).
    Removing stm32f10x_usart.o(i.USART_SendBreak), (10 bytes).
    Removing stm32f10x_usart.o(i.USART_SendData), (8 bytes).
    Removing stm32f10x_usart.o(i.USART_SetAddress), (18 bytes).
    Removing stm32f10x_usart.o(i.USART_SetGuardTime), (16 bytes).
    Removing stm32f10x_usart.o(i.USART_SetPrescaler), (16 bytes).
    Removing stm32f10x_usart.o(i.USART_SmartCardCmd), (24 bytes).
    Removing stm32f10x_usart.o(i.USART_SmartCardNACKCmd), (24 bytes).
    Removing stm32f10x_usart.o(i.USART_StructInit), (24 bytes).
    Removing stm32f10x_usart.o(i.USART_WakeUpConfig), (18 bytes).

102 unused section(s) (total 4310 bytes) removed from the image.

==============================================================================

Image Symbol Table

    Local Symbols

    Symbol Name                              Value     Ov Type        Size  Object(Section)

    ../clib/microlib/init/entry.s            0x00000000   Number         0  entry9a.o ABSOLUTE
    ../clib/microlib/init/entry.s            0x00000000   Number         0  entry10b.o ABSOLUTE
    ../clib/microlib/init/entry.s            0x00000000   Number         0  entry10a.o ABSOLUTE
    ../clib/microlib/init/entry.s            0x00000000   Number         0  entry9b.o ABSOLUTE
    ../clib/microlib/init/entry.s            0x00000000   Number         0  entry8b.o ABSOLUTE
    ../clib/microlib/init/entry.s            0x00000000   Number         0  entry.o ABSOLUTE
    ../clib/microlib/init/entry.s            0x00000000   Number         0  entry2.o ABSOLUTE
    ../clib/microlib/init/entry.s            0x00000000   Number         0  entry5.o ABSOLUTE
    ../clib/microlib/init/entry.s            0x00000000   Number         0  entry7a.o ABSOLUTE
    ../clib/microlib/init/entry.s            0x00000000   Number         0  entry7b.o ABSOLUTE
    ../clib/microlib/init/entry.s            0x00000000   Number         0  entry8a.o ABSOLUTE
    ../clib/microlib/init/entry.s            0x00000000   Number         0  entry11b.o ABSOLUTE
    ../clib/microlib/init/entry.s            0x00000000   Number         0  entry11a.o ABSOLUTE
    ../clib/microlib/string/memset.c         0x00000000   Number         0  memseta.o ABSOLUTE
    App\main.c                               0x00000000   Number         0  main.o ABSOLUTE
    App\stm32f10x_it.c                       0x00000000   Number         0  stm32f10x_it.o ABSOLUTE
    LIB\ALIENTEK_MiniSTM32_REVB0_HardWare_V1.1\SysTickDelay.c 0x00000000   Number         0  systickdelay.o ABSOLUTE
    LIB\ALIENTEK_MiniSTM32_REVB0_HardWare_V1.1\UART_INTERFACE.c 0x00000000   Number         0  uart_interface.o ABSOLUTE
    LIB\ALIENTEK_MiniSTM32_REVB0_HardWare_V1.1\eval.c 0x00000000   Number         0  eval.o ABSOLUTE
    LIB\CMSISV1.2.0\Core\CM3\core_cm3.c      0x00000000   Number         0  core_cm3.o ABSOLUTE
    LIB\CMSISV1.2.0\Core\CM3\startup\arm\startup_stm32f10x_cl.s 0x00000000   Number         0  startup_stm32f10x_cl.o ABSOLUTE
    LIB\CMSISV1.2.0\Core\CM3\system_stm32f10x.c 0x00000000   Number         0  system_stm32f10x.o ABSOLUTE
    LIB\STM32F10x_StdPeriph_DriverV3.1.1\src\misc.c 0x00000000   Number         0  misc.o ABSOLUTE
    LIB\STM32F10x_StdPeriph_DriverV3.1.1\src\stm32f10x_exti.c 0x00000000   Number         0  stm32f10x_exti.o ABSOLUTE
    LIB\STM32F10x_StdPeriph_DriverV3.1.1\src\stm32f10x_gpio.c 0x00000000   Number         0  stm32f10x_gpio.o ABSOLUTE
    LIB\STM32F10x_StdPeriph_DriverV3.1.1\src\stm32f10x_rcc.c 0x00000000   Number         0  stm32f10x_rcc.o ABSOLUTE
    LIB\STM32F10x_StdPeriph_DriverV3.1.1\src\stm32f10x_usart.c 0x00000000   Number         0  stm32f10x_usart.o ABSOLUTE
    LIB\\CMSISV1.2.0\\Core\\CM3\\core_cm3.c  0x00000000   Number         0  core_cm3.o ABSOLUTE
    dc.s                                     0x00000000   Number         0  dc.o ABSOLUTE
    handlers.s                               0x00000000   Number         0  handlers.o ABSOLUTE
    init.s                                   0x00000000   Number         0  init.o ABSOLUTE
    RESET                                    0x08000000   Section      336  startup_stm32f10x_cl.o(RESET)
    .ARM.Collect$$$$00000000                 0x08000150   Section        0  entry.o(.ARM.Collect$$$$00000000)
    .ARM.Collect$$$$00000001                 0x08000150   Section        4  entry2.o(.ARM.Collect$$$$00000001)
    .ARM.Collect$$$$00000004                 0x08000154   Section        4  entry5.o(.ARM.Collect$$$$00000004)
    .ARM.Collect$$$$00000008                 0x08000158   Section        0  entry7b.o(.ARM.Collect$$$$00000008)
    .ARM.Collect$$$$0000000A                 0x08000158   Section        0  entry8b.o(.ARM.Collect$$$$0000000A)
    .ARM.Collect$$$$0000000B                 0x08000158   Section        8  entry9a.o(.ARM.Collect$$$$0000000B)
    .ARM.Collect$$$$0000000D                 0x08000160   Section        0  entry10a.o(.ARM.Collect$$$$0000000D)
    .ARM.Collect$$$$0000000F                 0x08000160   Section        0  entry11a.o(.ARM.Collect$$$$0000000F)
    .ARM.Collect$$$$00002712                 0x08000160   Section        4  entry2.o(.ARM.Collect$$$$00002712)
    __lit__00000000                          0x08000160   Data           4  entry2.o(.ARM.Collect$$$$00002712)
    .text                                    0x08000164   Section       28  startup_stm32f10x_cl.o(.text)
    .text                                    0x08000180   Section        0  memseta.o(.text)
    .text                                    0x080001a4   Section       36  init.o(.text)
    i.BusFault_Handler                       0x080001c8   Section        0  stm32f10x_it.o(i.BusFault_Handler)
    i.DebugMon_Handler                       0x080001cc   Section        0  stm32f10x_it.o(i.DebugMon_Handler)
    i.DelayS                                 0x080001ce   Section        0  main.o(i.DelayS)
    i.GPIO_Configuration                     0x080001e8   Section        0  main.o(i.GPIO_Configuration)
    i.GPIO_Init                              0x08000218   Section        0  stm32f10x_gpio.o(i.GPIO_Init)
    i.GPIO_ReadInputDataBit                  0x0800032e   Section        0  stm32f10x_gpio.o(i.GPIO_ReadInputDataBit)
    i.HardFault_Handler                      0x08000340   Section        0  stm32f10x_it.o(i.HardFault_Handler)
    i.Init_All_Periph                        0x08000344   Section        0  main.o(i.Init_All_Periph)
    i.MemManage_Handler                      0x08000350   Section        0  stm32f10x_it.o(i.MemManage_Handler)
    i.NMI_Handler                            0x08000354   Section        0  stm32f10x_it.o(i.NMI_Handler)
    i.PendSV_Handler                         0x08000356   Section        0  stm32f10x_it.o(i.PendSV_Handler)
    i.RCC_APB2PeriphClockCmd                 0x08000358   Section        0  stm32f10x_rcc.o(i.RCC_APB2PeriphClockCmd)
    i.RCC_Configuration                      0x08000378   Section        0  main.o(i.RCC_Configuration)
    i.STM_EVAL_LEDInit1                      0x08000388   Section        0  eval.o(i.STM_EVAL_LEDInit1)
    i.STM_EVAL_LEDInit2                      0x080003c8   Section        0  eval.o(i.STM_EVAL_LEDInit2)
    i.STM_EVAL_LEDOff                        0x08000408   Section        0  eval.o(i.STM_EVAL_LEDOff)
    i.STM_EVAL_LEDOn                         0x08000420   Section        0  eval.o(i.STM_EVAL_LEDOn)
    i.SVC_Handler                            0x08000438   Section        0  stm32f10x_it.o(i.SVC_Handler)
    i.SetSysClock                            0x0800043a   Section        0  system_stm32f10x.o(i.SetSysClock)
    SetSysClock                              0x0800043b   Thumb Code     8  system_stm32f10x.o(i.SetSysClock)
    i.SetSysClockTo72                        0x08000444   Section        0  system_stm32f10x.o(i.SetSysClockTo72)
    SetSysClockTo72                          0x08000445   Thumb Code   220  system_stm32f10x.o(i.SetSysClockTo72)
    i.SysTick_Handler                        0x08000528   Section        0  stm32f10x_it.o(i.SysTick_Handler)
    i.SysTick_Initaize                       0x0800052c   Section        0  systickdelay.o(i.SysTick_Initaize)
    i.SystemInit                             0x08000578   Section        0  system_stm32f10x.o(i.SystemInit)
    i.UsageFault_Handler                     0x080005cc   Section        0  stm32f10x_it.o(i.UsageFault_Handler)
    i.__scatterload_copy                     0x080005d0   Section       14  handlers.o(i.__scatterload_copy)
    i.__scatterload_null                     0x080005de   Section        2  handlers.o(i.__scatterload_null)
    i.__scatterload_zeroinit                 0x080005e0   Section       14  handlers.o(i.__scatterload_zeroinit)
    i.delay_ms                               0x080005f0   Section        0  systickdelay.o(i.delay_ms)
    i.main                                   0x08000638   Section        0  main.o(i.main)
    i.wait_for_calculate                     0x0800069c   Section        0  main.o(i.wait_for_calculate)
    .constdata                               0x08000854   Section       20  system_stm32f10x.o(.constdata)
    .constdata                               0x08000868   Section       80  eval.o(.constdata)
    .data                                    0x20000000   Section       36  eval.o(.data)
    .data                                    0x20000024   Section        4  systickdelay.o(.data)
    fac_us                                   0x20000024   Data           1  systickdelay.o(.data)
    fac_ms                                   0x20000026   Data           2  systickdelay.o(.data)
    STACK                                    0x20000028   Section     1024  startup_stm32f10x_cl.o(STACK)

    Global Symbols

    Symbol Name                              Value     Ov Type        Size  Object(Section)

    BuildAttributes$$THM_ISAv4$P$D$K$B$S$PE$A:L22UL41UL21$X:L11$S22US41US21$IEEE1$IW$USESV6$~STKCKD$USESV7$~SHL$OSPACE$EBA8$MICROLIB$REQ8$PRES8$EABIv2 0x00000000   Number         0  anon$$obj.o ABSOLUTE
    __ARM_use_no_argv                        0x00000000   Number         0  main.o ABSOLUTE
    __cpp_initialize__aeabi_                  - Undefined Weak Reference
    __cxa_finalize                            - Undefined Weak Reference
    __decompress                              - Undefined Weak Reference
    _clock_init                               - Undefined Weak Reference
    _microlib_exit                            - Undefined Weak Reference
    __Vectors_Size                           0x00000150   Number         0  startup_stm32f10x_cl.o ABSOLUTE
    __Vectors                                0x08000000   Data           4  startup_stm32f10x_cl.o(RESET)
    __Vectors_End                            0x08000150   Data           0  startup_stm32f10x_cl.o(RESET)
    __main                                   0x08000151   Thumb Code     0  entry.o(.ARM.Collect$$$$00000000)
    _main_stk                                0x08000151   Thumb Code     0  entry2.o(.ARM.Collect$$$$00000001)
    _main_scatterload                        0x08000155   Thumb Code     0  entry5.o(.ARM.Collect$$$$00000004)
    __main_after_scatterload                 0x08000159   Thumb Code     0  entry5.o(.ARM.Collect$$$$00000004)
    _main_clock                              0x08000159   Thumb Code     0  entry7b.o(.ARM.Collect$$$$00000008)
    _main_cpp_init                           0x08000159   Thumb Code     0  entry8b.o(.ARM.Collect$$$$0000000A)
    _main_init                               0x08000159   Thumb Code     0  entry9a.o(.ARM.Collect$$$$0000000B)
    __rt_final_cpp                           0x08000161   Thumb Code     0  entry10a.o(.ARM.Collect$$$$0000000D)
    __rt_final_exit                          0x08000161   Thumb Code     0  entry11a.o(.ARM.Collect$$$$0000000F)
    Reset_Handler                            0x08000165   Thumb Code     4  startup_stm32f10x_cl.o(.text)
    ADC1_2_IRQHandler                        0x0800017b   Thumb Code     0  startup_stm32f10x_cl.o(.text)
    CAN1_RX0_IRQHandler                      0x0800017b   Thumb Code     0  startup_stm32f10x_cl.o(.text)
    CAN1_RX1_IRQHandler                      0x0800017b   Thumb Code     0  startup_stm32f10x_cl.o(.text)
    CAN1_SCE_IRQHandler                      0x0800017b   Thumb Code     0  startup_stm32f10x_cl.o(.text)
    CAN1_TX_IRQHandler                       0x0800017b   Thumb Code     0  startup_stm32f10x_cl.o(.text)
    CAN2_RX0_IRQHandler                      0x0800017b   Thumb Code     0  startup_stm32f10x_cl.o(.text)
    CAN2_RX1_IRQHandler                      0x0800017b   Thumb Code     0  startup_stm32f10x_cl.o(.text)
    CAN2_SCE_IRQHandler                      0x0800017b   Thumb Code     0  startup_stm32f10x_cl.o(.text)
    CAN2_TX_IRQHandler                       0x0800017b   Thumb Code     0  startup_stm32f10x_cl.o(.text)
    DMA1_Channel1_IRQHandler                 0x0800017b   Thumb Code     0  startup_stm32f10x_cl.o(.text)
    DMA1_Channel2_IRQHandler                 0x0800017b   Thumb Code     0  startup_stm32f10x_cl.o(.text)
    DMA1_Channel3_IRQHandler                 0x0800017b   Thumb Code     0  startup_stm32f10x_cl.o(.text)
    DMA1_Channel4_IRQHandler                 0x0800017b   Thumb Code     0  startup_stm32f10x_cl.o(.text)
    DMA1_Channel5_IRQHandler                 0x0800017b   Thumb Code     0  startup_stm32f10x_cl.o(.text)
    DMA1_Channel6_IRQHandler                 0x0800017b   Thumb Code     0  startup_stm32f10x_cl.o(.text)
    DMA1_Channel7_IRQHandler                 0x0800017b   Thumb Code     0  startup_stm32f10x_cl.o(.text)
    DMA2_Channel1_IRQHandler                 0x0800017b   Thumb Code     0  startup_stm32f10x_cl.o(.text)
    DMA2_Channel2_IRQHandler                 0x0800017b   Thumb Code     0  startup_stm32f10x_cl.o(.text)
    DMA2_Channel3_IRQHandler                 0x0800017b   Thumb Code     0  startup_stm32f10x_cl.o(.text)
    DMA2_Channel4_IRQHandler                 0x0800017b   Thumb Code     0  startup_stm32f10x_cl.o(.text)
    DMA2_Channel5_IRQHandler                 0x0800017b   Thumb Code     0  startup_stm32f10x_cl.o(.text)
    ETH_IRQHandler                           0x0800017b   Thumb Code     0  startup_stm32f10x_cl.o(.text)
    ETH_WKUP_IRQHandler                      0x0800017b   Thumb Code     0  startup_stm32f10x_cl.o(.text)
    EXTI0_IRQHandler                         0x0800017b   Thumb Code     0  startup_stm32f10x_cl.o(.text)
    EXTI15_10_IRQHandler                     0x0800017b   Thumb Code     0  startup_stm32f10x_cl.o(.text)
    EXTI1_IRQHandler                         0x0800017b   Thumb Code     0  startup_stm32f10x_cl.o(.text)
    EXTI2_IRQHandler                         0x0800017b   Thumb Code     0  startup_stm32f10x_cl.o(.text)
    EXTI3_IRQHandler                         0x0800017b   Thumb Code     0  startup_stm32f10x_cl.o(.text)
    EXTI4_IRQHandler                         0x0800017b   Thumb Code     0  startup_stm32f10x_cl.o(.text)
    EXTI9_5_IRQHandler                       0x0800017b   Thumb Code     0  startup_stm32f10x_cl.o(.text)
    FLASH_IRQHandler                         0x0800017b   Thumb Code     0  startup_stm32f10x_cl.o(.text)
    I2C1_ER_IRQHandler                       0x0800017b   Thumb Code     0  startup_stm32f10x_cl.o(.text)
    I2C1_EV_IRQHandler                       0x0800017b   Thumb Code     0  startup_stm32f10x_cl.o(.text)
    I2C2_ER_IRQHandler                       0x0800017b   Thumb Code     0  startup_stm32f10x_cl.o(.text)
    I2C2_EV_IRQHandler                       0x0800017b   Thumb Code     0  startup_stm32f10x_cl.o(.text)
    OTG_FS_IRQHandler                        0x0800017b   Thumb Code     0  startup_stm32f10x_cl.o(.text)
    OTG_FS_WKUP_IRQHandler                   0x0800017b   Thumb Code     0  startup_stm32f10x_cl.o(.text)
    PVD_IRQHandler                           0x0800017b   Thumb Code     0  startup_stm32f10x_cl.o(.text)
    RCC_IRQHandler                           0x0800017b   Thumb Code     0  startup_stm32f10x_cl.o(.text)
    RTCAlarm_IRQHandler                      0x0800017b   Thumb Code     0  startup_stm32f10x_cl.o(.text)
    RTC_IRQHandler                           0x0800017b   Thumb Code     0  startup_stm32f10x_cl.o(.text)
    SPI1_IRQHandler                          0x0800017b   Thumb Code     0  startup_stm32f10x_cl.o(.text)
    SPI2_IRQHandler                          0x0800017b   Thumb Code     0  startup_stm32f10x_cl.o(.text)
    SPI3_IRQHandler                          0x0800017b   Thumb Code     0  startup_stm32f10x_cl.o(.text)
    TAMPER_IRQHandler                        0x0800017b   Thumb Code     0  startup_stm32f10x_cl.o(.text)
    TIM1_BRK_IRQHandler                      0x0800017b   Thumb Code     0  startup_stm32f10x_cl.o(.text)
    TIM1_CC_IRQHandler                       0x0800017b   Thumb Code     0  startup_stm32f10x_cl.o(.text)
    TIM1_TRG_COM_IRQHandler                  0x0800017b   Thumb Code     0  startup_stm32f10x_cl.o(.text)
    TIM1_UP_IRQHandler                       0x0800017b   Thumb Code     0  startup_stm32f10x_cl.o(.text)
    TIM2_IRQHandler                          0x0800017b   Thumb Code     0  startup_stm32f10x_cl.o(.text)
    TIM3_IRQHandler                          0x0800017b   Thumb Code     0  startup_stm32f10x_cl.o(.text)
    TIM4_IRQHandler                          0x0800017b   Thumb Code     0  startup_stm32f10x_cl.o(.text)
    TIM5_IRQHandler                          0x0800017b   Thumb Code     0  startup_stm32f10x_cl.o(.text)
    TIM6_IRQHandler                          0x0800017b   Thumb Code     0  startup_stm32f10x_cl.o(.text)
    TIM7_IRQHandler                          0x0800017b   Thumb Code     0  startup_stm32f10x_cl.o(.text)
    UART4_IRQHandler                         0x0800017b   Thumb Code     0  startup_stm32f10x_cl.o(.text)
    UART5_IRQHandler                         0x0800017b   Thumb Code     0  startup_stm32f10x_cl.o(.text)
    USART1_IRQHandler                        0x0800017b   Thumb Code     0  startup_stm32f10x_cl.o(.text)
    USART2_IRQHandler                        0x0800017b   Thumb Code     0  startup_stm32f10x_cl.o(.text)
    USART3_IRQHandler                        0x0800017b   Thumb Code     0  startup_stm32f10x_cl.o(.text)
    WWDG_IRQHandler                          0x0800017b   Thumb Code     0  startup_stm32f10x_cl.o(.text)
    __aeabi_memset                           0x08000181   Thumb Code    14  memseta.o(.text)
    __aeabi_memset4                          0x08000181   Thumb Code     0  memseta.o(.text)
    __aeabi_memset8                          0x08000181   Thumb Code     0  memseta.o(.text)
    __aeabi_memclr                           0x0800018f   Thumb Code     4  memseta.o(.text)
    __aeabi_memclr4                          0x0800018f   Thumb Code     0  memseta.o(.text)
    __aeabi_memclr8                          0x0800018f   Thumb Code     0  memseta.o(.text)
    _memset$wrapper                          0x08000193   Thumb Code    18  memseta.o(.text)
    __scatterload                            0x080001a5   Thumb Code    28  init.o(.text)
    __scatterload_rt2                        0x080001a5   Thumb Code     0  init.o(.text)
    BusFault_Handler                         0x080001c9   Thumb Code     4  stm32f10x_it.o(i.BusFault_Handler)
    DebugMon_Handler                         0x080001cd   Thumb Code     2  stm32f10x_it.o(i.DebugMon_Handler)
    DelayS                                   0x080001cf   Thumb Code    26  main.o(i.DelayS)
    GPIO_Configuration                       0x080001e9   Thumb Code    44  main.o(i.GPIO_Configuration)
    GPIO_Init                                0x08000219   Thumb Code   278  stm32f10x_gpio.o(i.GPIO_Init)
    GPIO_ReadInputDataBit                    0x0800032f   Thumb Code    18  stm32f10x_gpio.o(i.GPIO_ReadInputDataBit)
    HardFault_Handler                        0x08000341   Thumb Code     4  stm32f10x_it.o(i.HardFault_Handler)
    Init_All_Periph                          0x08000345   Thumb Code    12  main.o(i.Init_All_Periph)
    MemManage_Handler                        0x08000351   Thumb Code     4  stm32f10x_it.o(i.MemManage_Handler)
    NMI_Handler                              0x08000355   Thumb Code     2  stm32f10x_it.o(i.NMI_Handler)
    PendSV_Handler                           0x08000357   Thumb Code     2  stm32f10x_it.o(i.PendSV_Handler)
    RCC_APB2PeriphClockCmd                   0x08000359   Thumb Code    26  stm32f10x_rcc.o(i.RCC_APB2PeriphClockCmd)
    RCC_Configuration                        0x08000379   Thumb Code    16  main.o(i.RCC_Configuration)
    STM_EVAL_LEDInit1                        0x08000389   Thumb Code    52  eval.o(i.STM_EVAL_LEDInit1)
    STM_EVAL_LEDInit2                        0x080003c9   Thumb Code    52  eval.o(i.STM_EVAL_LEDInit2)
    STM_EVAL_LEDOff                          0x08000409   Thumb Code    16  eval.o(i.STM_EVAL_LEDOff)
    STM_EVAL_LEDOn                           0x08000421   Thumb Code    16  eval.o(i.STM_EVAL_LEDOn)
    SVC_Handler                              0x08000439   Thumb Code     2  stm32f10x_it.o(i.SVC_Handler)
    SysTick_Handler                          0x08000529   Thumb Code     2  stm32f10x_it.o(i.SysTick_Handler)
    SysTick_Initaize                         0x0800052d   Thumb Code    60  systickdelay.o(i.SysTick_Initaize)
    SystemInit                               0x08000579   Thumb Code    70  system_stm32f10x.o(i.SystemInit)
    UsageFault_Handler                       0x080005cd   Thumb Code     4  stm32f10x_it.o(i.UsageFault_Handler)
    __scatterload_copy                       0x080005d1   Thumb Code    14  handlers.o(i.__scatterload_copy)
    __scatterload_null                       0x080005df   Thumb Code     2  handlers.o(i.__scatterload_null)
    __scatterload_zeroinit                   0x080005e1   Thumb Code    14  handlers.o(i.__scatterload_zeroinit)
    delay_ms                                 0x080005f1   Thumb Code    66  systickdelay.o(i.delay_ms)
    main                                     0x08000639   Thumb Code    96  main.o(i.main)
    wait_for_calculate                       0x0800069d   Thumb Code   436  main.o(i.wait_for_calculate)
    SystemFrequency                          0x08000854   Data           4  system_stm32f10x.o(.constdata)
    SystemFrequency_SysClk                   0x08000858   Data           4  system_stm32f10x.o(.constdata)
    SystemFrequency_AHBClk                   0x0800085c   Data           4  system_stm32f10x.o(.constdata)
    SystemFrequency_APB1Clk                  0x08000860   Data           4  system_stm32f10x.o(.constdata)
    SystemFrequency_APB2Clk                  0x08000864   Data           4  system_stm32f10x.o(.constdata)
    GPIO_PIN                                 0x08000868   Data           4  eval.o(.constdata)
    GPIO_CLK                                 0x0800086c   Data           8  eval.o(.constdata)
    BUTTON_PIN                               0x08000874   Data           6  eval.o(.constdata)
    BUTTON_CLK                               0x0800087c   Data          12  eval.o(.constdata)
    BUTTON_EXTI_LINE                         0x08000888   Data           6  eval.o(.constdata)
    BUTTON_PORT_SOURCE                       0x0800088e   Data           6  eval.o(.constdata)
    BUTTON_PIN_SOURCE                        0x08000894   Data           6  eval.o(.constdata)
    BUTTON_IRQn                              0x0800089a   Data           6  eval.o(.constdata)
    COM_USART_CLK                            0x080008a0   Data           8  eval.o(.constdata)
    COM_POR_CLK                              0x080008a8   Data           8  eval.o(.constdata)
    COM_TX_PIN                               0x080008b0   Data           4  eval.o(.constdata)
    COM_RX_PIN                               0x080008b4   Data           4  eval.o(.constdata)
    Region$$Table$$Base                      0x080008b8   Number         0  anon$$obj.o(Region$$Table)
    Region$$Table$$Limit                     0x080008d8   Number         0  anon$$obj.o(Region$$Table)
    GPIO_PORT                                0x20000000   Data           8  eval.o(.data)
    BUTTON_PORT                              0x20000008   Data          12  eval.o(.data)
    COM_USART                                0x20000014   Data           8  eval.o(.data)
    COM_PORT                                 0x2000001c   Data           8  eval.o(.data)
    __initial_sp                             0x20000428   Data           0  startup_stm32f10x_cl.o(STACK)



==============================================================================

Memory Map of the image

  Image Entry point : 0x08000151

  Load Region LR_IROM1 (Base: 0x08000000, Size: 0x00000900, Max: 0x00020000, ABSOLUTE)

    Execution Region ER_IROM1 (Base: 0x08000000, Size: 0x000008d8, Max: 0x00020000, ABSOLUTE)

    Base Addr    Size         Type   Attr      Idx    E Section Name        Object

    0x08000000   0x00000150   Data   RO          116    RESET               startup_stm32f10x_cl.o
    0x08000150   0x00000000   Code   RO          994  * .ARM.Collect$$$$00000000  mc_w.l(entry.o)
    0x08000150   0x00000004   Code   RO          999    .ARM.Collect$$$$00000001  mc_w.l(entry2.o)
    0x08000154   0x00000004   Code   RO         1002    .ARM.Collect$$$$00000004  mc_w.l(entry5.o)
    0x08000158   0x00000000   Code   RO         1004    .ARM.Collect$$$$00000008  mc_w.l(entry7b.o)
    0x08000158   0x00000000   Code   RO         1006    .ARM.Collect$$$$0000000A  mc_w.l(entry8b.o)
    0x08000158   0x00000008   Code   RO         1007    .ARM.Collect$$$$0000000B  mc_w.l(entry9a.o)
    0x08000160   0x00000000   Code   RO         1009    .ARM.Collect$$$$0000000D  mc_w.l(entry10a.o)
    0x08000160   0x00000000   Code   RO         1011    .ARM.Collect$$$$0000000F  mc_w.l(entry11a.o)
    0x08000160   0x00000004   Code   RO         1000    .ARM.Collect$$$$00002712  mc_w.l(entry2.o)
    0x08000164   0x0000001c   Code   RO          117    .text               startup_stm32f10x_cl.o
    0x08000180   0x00000024   Code   RO          997    .text               mc_w.l(memseta.o)
    0x080001a4   0x00000024   Code   RO         1013    .text               mc_w.l(init.o)
    0x080001c8   0x00000004   Code   RO          220    i.BusFault_Handler  stm32f10x_it.o
    0x080001cc   0x00000002   Code   RO          221    i.DebugMon_Handler  stm32f10x_it.o
    0x080001ce   0x0000001a   Code   RO          122    i.DelayS            main.o
    0x080001e8   0x00000030   Code   RO          123    i.GPIO_Configuration  main.o
    0x08000218   0x00000116   Code   RO          518    i.GPIO_Init         stm32f10x_gpio.o
    0x0800032e   0x00000012   Code   RO          522    i.GPIO_ReadInputDataBit  stm32f10x_gpio.o
    0x08000340   0x00000004   Code   RO          222    i.HardFault_Handler  stm32f10x_it.o
    0x08000344   0x0000000c   Code   RO          124    i.Init_All_Periph   main.o
    0x08000350   0x00000004   Code   RO          223    i.MemManage_Handler  stm32f10x_it.o
    0x08000354   0x00000002   Code   RO          224    i.NMI_Handler       stm32f10x_it.o
    0x08000356   0x00000002   Code   RO          225    i.PendSV_Handler    stm32f10x_it.o
    0x08000358   0x00000020   Code   RO          630    i.RCC_APB2PeriphClockCmd  stm32f10x_rcc.o
    0x08000378   0x00000010   Code   RO          126    i.RCC_Configuration  main.o
    0x08000388   0x00000040   Code   RO          284    i.STM_EVAL_LEDInit1  eval.o
    0x080003c8   0x00000040   Code   RO          285    i.STM_EVAL_LEDInit2  eval.o
    0x08000408   0x00000018   Code   RO          286    i.STM_EVAL_LEDOff   eval.o
    0x08000420   0x00000018   Code   RO          287    i.STM_EVAL_LEDOn    eval.o
    0x08000438   0x00000002   Code   RO          226    i.SVC_Handler       stm32f10x_it.o
    0x0800043a   0x00000008   Code   RO           17    i.SetSysClock       system_stm32f10x.o
    0x08000442   0x00000002   PAD
    0x08000444   0x000000e4   Code   RO           18    i.SetSysClockTo72   system_stm32f10x.o
    0x08000528   0x00000002   Code   RO          227    i.SysTick_Handler   stm32f10x_it.o
    0x0800052a   0x00000002   PAD
    0x0800052c   0x0000004c   Code   RO          359    i.SysTick_Initaize  systickdelay.o
    0x08000578   0x00000054   Code   RO           19    i.SystemInit        system_stm32f10x.o
    0x080005cc   0x00000004   Code   RO          228    i.UsageFault_Handler  stm32f10x_it.o
    0x080005d0   0x0000000e   Code   RO         1017    i.__scatterload_copy  mc_w.l(handlers.o)
    0x080005de   0x00000002   Code   RO         1018    i.__scatterload_null  mc_w.l(handlers.o)
    0x080005e0   0x0000000e   Code   RO         1019    i.__scatterload_zeroinit  mc_w.l(handlers.o)
    0x080005ee   0x00000002   PAD
    0x080005f0   0x00000048   Code   RO          360    i.delay_ms          systickdelay.o
    0x08000638   0x00000064   Code   RO          127    i.main              main.o
    0x0800069c   0x000001b8   Code   RO          128    i.wait_for_calculate  main.o
    0x08000854   0x00000014   Data   RO           20    .constdata          system_stm32f10x.o
    0x08000868   0x00000050   Data   RO          293    .constdata          eval.o
    0x080008b8   0x00000020   Data   RO         1015    Region$$Table       anon$$obj.o


    Execution Region RW_IRAM1 (Base: 0x20000000, Size: 0x00000428, Max: 0x00005000, ABSOLUTE)

    Base Addr    Size         Type   Attr      Idx    E Section Name        Object

    0x20000000   0x00000024   Data   RW          294    .data               eval.o
    0x20000024   0x00000004   Data   RW          362    .data               systickdelay.o
    0x20000028   0x00000400   Zero   RW          114    STACK               startup_stm32f10x_cl.o


==============================================================================

Image component sizes


      Code (inc. data)   RO Data    RW Data    ZI Data      Debug   Object Name

         0          0          0          0          0       4564   core_cm3.o
       176         40         80         36          0       5668   eval.o
       642         12          0          0          0     203136   main.o
        28          4        336          0       1024       1004   startup_stm32f10x_cl.o
       296          0          0          0          0       3300   stm32f10x_gpio.o
        26          0          0          0          0       5558   stm32f10x_it.o
        32          6          0          0          0        805   stm32f10x_rcc.o
       320         22         20          0          0      17333   system_stm32f10x.o
       148         22          0          4          0       1934   systickdelay.o

    ----------------------------------------------------------------------
      1672        106        468         40       1024     243302   Object Totals
         0          0         32          0          0          0   (incl. Generated)
         4          0          0          0          0          0   (incl. Padding)

    ----------------------------------------------------------------------

      Code (inc. data)   RO Data    RW Data    ZI Data      Debug   Library Member Name

         0          0          0          0          0          0   entry.o
         0          0          0          0          0          0   entry10a.o
         0          0          0          0          0          0   entry11a.o
         8          4          0          0          0          0   entry2.o
         4          0          0          0          0          0   entry5.o
         0          0          0          0          0          0   entry7b.o
         0          0          0          0          0          0   entry8b.o
         8          4          0          0          0          0   entry9a.o
        30          0          0          0          0          0   handlers.o
        36          8          0          0          0         68   init.o
        36          0          0          0          0        108   memseta.o

    ----------------------------------------------------------------------
       124         16          0          0          0        176   Library Totals
         2          0          0          0          0          0   (incl. Padding)

    ----------------------------------------------------------------------

      Code (inc. data)   RO Data    RW Data    ZI Data      Debug   Library Name

       122         16          0          0          0        176   mc_w.l

    ----------------------------------------------------------------------
       124         16          0          0          0        176   Library Totals

    ----------------------------------------------------------------------

==============================================================================


      Code (inc. data)   RO Data    RW Data    ZI Data      Debug   

      1796        122        468         40       1024     242434   Grand Totals
      1796        122        468         40       1024     242434   ELF Image Totals
      1796        122        468         40          0          0   ROM Totals

==============================================================================

    Total RO  Size (Code + RO Data)                 2264 (   2.21kB)
    Total RW  Size (RW Data + ZI Data)              1064 (   1.04kB)
    Total ROM Size (Code + RO Data + RW Data)       2304 (   2.25kB)

==============================================================================

