<html>
<body>
<pre>
<h1>礦ision Build Log</h1>
<h2>Tool Versions:</h2>
IDE-Version: μVision V5.23.0.0
Copyright (C) 2017 ARM Ltd and ARM Germany GmbH. All rights reserved.
License Information: KUN LU, NONE, LIC=Z3CTG-V6VJM-D1JPR-K3KYY-M33T0-QXMNY
 
Tool Versions:
Toolchain:       MDK-ARM Professional  Version: 5.23
Toolchain Path:  D:\AMAZING MACHINE\KEIL\ARM\ARMCC\Bin
C Compiler:      Armcc.exe V5.06 update 4 (build 422)
Assembler:       Armasm.exe V5.06 update 4 (build 422)
Linker/Locator:  ArmLink.exe V5.06 update 4 (build 422)
Library Manager: ArmAr.exe V5.06 update 4 (build 422)
Hex Converter:   FromElf.exe V5.06 update 4 (build 422)
CPU DLL:         SARMCM3.DLL V5.23
Dialog DLL:      DARMSTM.DLL V1.68.0.0
Target DLL:      UL2CM3.DLL V1.159.7.0
Dialog DLL:      TARMSTM.DLL V1.66.0.0
 
<h2>Project:</h2>
Z:\DOC\RESEARCH\毕业小车\台式机自动开机\(最新)MIN-STM32(客户资料)-1409\Alientek资料-V1.8B-2\ALIENTEK MiniSTM32开发板例程(库函数版本)\使用库函数版本\标准例程\ALIENTEK MINISTM32 实验1 跑马灯(库)\Autodefender_power_off\Autodefender_PowerOff.uvprojx
Project File Date:  01/09/2020

<h2>Output:</h2>
*** Using Compiler 'V5.06 update 4 (build 422)', folder: 'D:\AMAZING MACHINE\KEIL\ARM\ARMCC\Bin'
Rebuild target 'FLASH'
assembling startup_stm32f10x_cl.s...
compiling core_cm3.c...
compiling system_stm32f10x.c...
compiling main.c...
App\main.c(157): warning:  #520-D: initialization with "{...}" expected for aggregate object
  		int chance[6]=0;
App\main.c: 1 warning, 0 errors
compiling stm32f10x_it.c...
compiling eval.c...
compiling SysTickDelay.c...
compiling UART_INTERFACE.c...
compiling misc.c...
compiling stm32f10x_exti.c...
compiling stm32f10x_gpio.c...
compiling stm32f10x_rcc.c...
compiling stm32f10x_usart.c...
linking...
Program Size: Code=1796 RO-data=468 RW-data=40 ZI-data=1024  
FromELF: creating hex file...
".\Obj\LED.axf" - 0 Error(s), 1 Warning(s).

<h2>Collection of Component include folders:</h2>
  .\RTE\_FLASH
  D:\AMAZING MACHINE\KEIL\ARM\PACK\Keil\STM32F1xx_DFP\2.2.0\Device\Include

<h2>Collection of Component Files used:</h2>
Build Time Elapsed:  00:00:04
</pre>
</body>
</html>
